// Jest Snapshot v1, https://goo.gl/fbAQLP

exports[`PostListItem should render correctly 1`] = `ShallowWrapper {}`;
