// Jest Snapshot v1, https://goo.gl/fbAQLP

exports[`SubredditListItem should render correctly 1`] = `ShallowWrapper {}`;
