// Jest Snapshot v1, https://goo.gl/fbAQLP

exports[`Conditional should render correctly 1`] = `ShallowWrapper {}`;
