// Jest Snapshot v1, https://goo.gl/fbAQLP

exports[`SubredditPage should render correctly 1`] = `ShallowWrapper {}`;
