// Jest Snapshot v1, https://goo.gl/fbAQLP

exports[`SearchComponent should render correctly 1`] = `ShallowWrapper {}`;
